// Jest Snapshot v1, https://goo.gl/fbAQLP

exports[`TagContainer component matches the snapshot 1`] = `
ShallowWrapper {
  Symbol(enzyme.__root__): [Circular],
  Symbol(enzyme.__unrendered__): <TagContainer
    todoTags={
      Array [
        Object {
          "id": 3,
          "name": "Food",
        },
        Object {
          "id": 4,
          "name": "Tour",
        },
        Object {
          "id": 5,
          "name": "Bills",
        },
        Object {
          "id": 6,
          "name": "Housing",
        },
        Object {
          "id": 7,
          "name": "Studies",
        },
        Object {
          "id": 8,
          "name": "Work",
        },
      ]
    }
  />,
  Symbol(enzyme.__renderer__): Object {
    "batchedUpdates": [Function],
    "checkPropTypes": [Function],
    "getNode": [Function],
    "render": [Function],
    "simulateError": [Function],
    "simulateEvent": [Function],
    "unmount": [Function],
  },
  Symbol(enzyme.__node__): Object {
    "instance": null,
    "key": undefined,
    "nodeType": "class",
    "props": Object {
      "addOnBlur": false,
      "allowBackspace": true,
      "allowNew": false,
      "autoresize": true,
      "classNames": Object {
        "root": "react-tags",
        "rootFocused": "is-focused",
        "search": "react-tags__search",
        "searchInput": "react-tags__search-input",
        "searchWrapper": "react-tags__search-wrapper",
        "selected": "react-tags__selected",
        "selectedTag": "react-tags__selected-tag",
        "selectedTagName": "react-tags__selected-tag-name",
        "suggestionActive": "is-active",
        "suggestionDisabled": "is-disabled",
        "suggestions": "react-tags__suggestions",
      },
      "delimiters": Array [
        "Tab",
        "Enter",
      ],
      "id": "ReactTags",
      "inputAttributes": Object {},
      "maxSuggestionsLength": 6,
      "minQueryLength": 2,
      "onAddition": [Function],
      "onDelete": [Function],
      "placeholderText": "Add new tag",
      "removeButtonText": "Click to remove tag",
      "suggestionComponent": null,
      "suggestions": Array [
        Object {
          "id": 3,
          "name": "Food",
        },
        Object {
          "id": 4,
          "name": "Tour",
        },
        Object {
          "id": 5,
          "name": "Bills",
        },
        Object {
          "id": 6,
          "name": "Housing",
        },
        Object {
          "id": 7,
          "name": "Studies",
        },
        Object {
          "id": 8,
          "name": "Work",
        },
      ],
      "suggestionsFilter": null,
      "tagComponent": null,
      "tags": Array [
        Object {
          "id": 3,
          "name": "Food",
        },
        Object {
          "id": 4,
          "name": "Tour",
        },
        Object {
          "id": 5,
          "name": "Bills",
        },
        Object {
          "id": 6,
          "name": "Housing",
        },
        Object {
          "id": 7,
          "name": "Studies",
        },
        Object {
          "id": 8,
          "name": "Work",
        },
      ],
    },
    "ref": null,
    "rendered": null,
    "type": [Function],
  },
  Symbol(enzyme.__nodes__): Array [
    Object {
      "instance": null,
      "key": undefined,
      "nodeType": "class",
      "props": Object {
        "addOnBlur": false,
        "allowBackspace": true,
        "allowNew": false,
        "autoresize": true,
        "classNames": Object {
          "root": "react-tags",
          "rootFocused": "is-focused",
          "search": "react-tags__search",
          "searchInput": "react-tags__search-input",
          "searchWrapper": "react-tags__search-wrapper",
          "selected": "react-tags__selected",
          "selectedTag": "react-tags__selected-tag",
          "selectedTagName": "react-tags__selected-tag-name",
          "suggestionActive": "is-active",
          "suggestionDisabled": "is-disabled",
          "suggestions": "react-tags__suggestions",
        },
        "delimiters": Array [
          "Tab",
          "Enter",
        ],
        "id": "ReactTags",
        "inputAttributes": Object {},
        "maxSuggestionsLength": 6,
        "minQueryLength": 2,
        "onAddition": [Function],
        "onDelete": [Function],
        "placeholderText": "Add new tag",
        "removeButtonText": "Click to remove tag",
        "suggestionComponent": null,
        "suggestions": Array [
          Object {
            "id": 3,
            "name": "Food",
          },
          Object {
            "id": 4,
            "name": "Tour",
          },
          Object {
            "id": 5,
            "name": "Bills",
          },
          Object {
            "id": 6,
            "name": "Housing",
          },
          Object {
            "id": 7,
            "name": "Studies",
          },
          Object {
            "id": 8,
            "name": "Work",
          },
        ],
        "suggestionsFilter": null,
        "tagComponent": null,
        "tags": Array [
          Object {
            "id": 3,
            "name": "Food",
          },
          Object {
            "id": 4,
            "name": "Tour",
          },
          Object {
            "id": 5,
            "name": "Bills",
          },
          Object {
            "id": 6,
            "name": "Housing",
          },
          Object {
            "id": 7,
            "name": "Studies",
          },
          Object {
            "id": 8,
            "name": "Work",
          },
        ],
      },
      "ref": null,
      "rendered": null,
      "type": [Function],
    },
  ],
  Symbol(enzyme.__options__): Object {
    "adapter": ReactSixteenAdapter {
      "options": Object {
        "enableComponentDidUpdateOnSetState": true,
        "legacyContextMode": "parent",
        "lifecycles": Object {
          "componentDidUpdate": Object {
            "onSetState": true,
          },
          "getChildContext": Object {
            "calledByRenderer": false,
          },
          "getDerivedStateFromError": true,
          "getDerivedStateFromProps": Object {
            "hasShouldComponentUpdateBug": false,
          },
          "getSnapshotBeforeUpdate": true,
          "setState": Object {
            "skipsComponentDidUpdateOnNullish": true,
          },
        },
      },
    },
    Symbol(enzyme.__providerValues__): undefined,
  },
  Symbol(enzyme.__providerValues__): Map {},
  Symbol(enzyme.__childContext__): null,
}
`;
